../Core/Src/main.c:148:5:_write	1
../Core/Src/main.c:157:6:HAL_TIM_PeriodElapsedCallback	2
../Core/Src/main.c:168:5:main	6
../Core/Src/main.c:255:6:SystemClock_Config	3
../Core/Src/main.c:299:6:execute_immediate_tasks	1
../Core/Src/main.c:303:6:execute_10ms_tasks	1
../Core/Src/main.c:324:6:execute_50ms_tasks	1
../Core/Src/main.c:364:6:execute_100ms_tasks	5
../Core/Src/main.c:392:6:HAL_CAN_RxFifo0MsgPendingCallback	4
../Core/Src/main.c:405:6:Acq4_DebugUpdate	2
../Core/Src/main.c:437:6:ADC_UpdateMovingAverage	3
../Core/Src/main.c:453:7:MeasureSuspensionPosition	1
../Core/Src/main.c:471:7:MeasureSteeringAngle	1
../Core/Src/main.c:497:6:Error_Handler	1
