../Core/Src/main.c:148:5:_write	24	static
../Core/Src/main.c:157:6:HAL_TIM_PeriodElapsedCallback	16	static
../Core/Src/main.c:168:5:main	16	static
../Core/Src/main.c:255:6:SystemClock_Config	88	static
../Core/Src/main.c:299:6:execute_immediate_tasks	4	static
../Core/Src/main.c:303:6:execute_10ms_tasks	8	static
../Core/Src/main.c:324:6:execute_50ms_tasks	16	static
../Core/Src/main.c:364:6:execute_100ms_tasks	16	static
../Core/Src/main.c:392:6:HAL_CAN_RxFifo0MsgPendingCallback	16	static
../Core/Src/main.c:405:6:Acq4_DebugUpdate	24	static
../Core/Src/main.c:437:6:ADC_UpdateMovingAverage	24	static
../Core/Src/main.c:453:7:MeasureSuspensionPosition	48	static
../Core/Src/main.c:471:7:MeasureSteeringAngle	64	static
../Core/Src/main.c:497:6:Error_Handler	4	static,ignoring_inline_asm
