../Core/DBC/autonomous_t26.c:36:23:pack_left_shift_u8	16	static
../Core/DBC/autonomous_t26.c:44:23:pack_left_shift_u16	16	static
../Core/DBC/autonomous_t26.c:52:23:pack_left_shift_u32	16	static
../Core/DBC/autonomous_t26.c:60:23:pack_right_shift_u8	16	static
../Core/DBC/autonomous_t26.c:68:23:pack_right_shift_u16	16	static
../Core/DBC/autonomous_t26.c:76:23:pack_right_shift_u32	16	static
../Core/DBC/autonomous_t26.c:84:23:unpack_left_shift_u8	16	static
../Core/DBC/autonomous_t26.c:92:24:unpack_left_shift_u16	16	static
../Core/DBC/autonomous_t26.c:100:24:unpack_left_shift_u32	16	static
../Core/DBC/autonomous_t26.c:108:23:unpack_right_shift_u8	16	static
../Core/DBC/autonomous_t26.c:116:24:unpack_right_shift_u16	16	static
../Core/DBC/autonomous_t26.c:124:24:unpack_right_shift_u32	16	static
../Core/DBC/autonomous_t26.c:132:17:cantools_unsigned_from_double	16	static
../Core/DBC/autonomous_t26.c:141:5:autonomous_t26_acu_pack	24	static
../Core/DBC/autonomous_t26.c:165:5:autonomous_t26_acu_unpack	24	static
../Core/DBC/autonomous_t26.c:187:5:autonomous_t26_acu_init	16	static
../Core/DBC/autonomous_t26.c:196:9:autonomous_t26_acu_assi_state_encode	16	static
../Core/DBC/autonomous_t26.c:201:8:autonomous_t26_acu_assi_state_decode	16	static
../Core/DBC/autonomous_t26.c:206:6:autonomous_t26_acu_assi_state_is_in_range	16	static
../Core/DBC/autonomous_t26.c:211:6:autonomous_t26_acu_assi_state_is_in_phys_range	16	static
../Core/DBC/autonomous_t26.c:218:9:autonomous_t26_acu_acu_state_encode	16	static
../Core/DBC/autonomous_t26.c:223:8:autonomous_t26_acu_acu_state_decode	16	static
../Core/DBC/autonomous_t26.c:228:6:autonomous_t26_acu_acu_state_is_in_range	16	static
../Core/DBC/autonomous_t26.c:233:6:autonomous_t26_acu_acu_state_is_in_phys_range	16	static
../Core/DBC/autonomous_t26.c:240:9:autonomous_t26_acu_acu_cpu_temp_encode	16	static
../Core/DBC/autonomous_t26.c:245:8:autonomous_t26_acu_acu_cpu_temp_decode	16	static
../Core/DBC/autonomous_t26.c:250:6:autonomous_t26_acu_acu_cpu_temp_is_in_range	16	static
../Core/DBC/autonomous_t26.c:257:6:autonomous_t26_acu_acu_cpu_temp_is_in_phys_range	16	static
../Core/DBC/autonomous_t26.c:262:9:autonomous_t26_acu_mission_select_encode	16	static
../Core/DBC/autonomous_t26.c:267:8:autonomous_t26_acu_mission_select_decode	16	static
../Core/DBC/autonomous_t26.c:272:6:autonomous_t26_acu_mission_select_is_in_range	16	static
../Core/DBC/autonomous_t26.c:277:6:autonomous_t26_acu_mission_select_is_in_phys_range	16	static
../Core/DBC/autonomous_t26.c:284:9:autonomous_t26_acu_as_state_encode	16	static
../Core/DBC/autonomous_t26.c:289:8:autonomous_t26_acu_as_state_decode	16	static
../Core/DBC/autonomous_t26.c:294:6:autonomous_t26_acu_as_state_is_in_range	16	static
../Core/DBC/autonomous_t26.c:299:6:autonomous_t26_acu_as_state_is_in_phys_range	16	static
../Core/DBC/autonomous_t26.c:306:9:autonomous_t26_acu_emergency_encode	16	static
../Core/DBC/autonomous_t26.c:311:8:autonomous_t26_acu_emergency_decode	16	static
../Core/DBC/autonomous_t26.c:316:6:autonomous_t26_acu_emergency_is_in_range	16	static
../Core/DBC/autonomous_t26.c:321:6:autonomous_t26_acu_emergency_is_in_phys_range	16	static
../Core/DBC/autonomous_t26.c:326:9:autonomous_t26_acu_asms_encode	16	static
../Core/DBC/autonomous_t26.c:331:8:autonomous_t26_acu_asms_decode	16	static
../Core/DBC/autonomous_t26.c:336:6:autonomous_t26_acu_asms_is_in_range	16	static
../Core/DBC/autonomous_t26.c:341:6:autonomous_t26_acu_asms_is_in_phys_range	16	static
../Core/DBC/autonomous_t26.c:346:9:autonomous_t26_acu_ign_encode	16	static
../Core/DBC/autonomous_t26.c:351:8:autonomous_t26_acu_ign_decode	16	static
../Core/DBC/autonomous_t26.c:356:6:autonomous_t26_acu_ign_is_in_range	16	static
../Core/DBC/autonomous_t26.c:361:6:autonomous_t26_acu_ign_is_in_phys_range	16	static
../Core/DBC/autonomous_t26.c:366:9:autonomous_t26_acu_emergency_cause_encode	16	static
../Core/DBC/autonomous_t26.c:371:8:autonomous_t26_acu_emergency_cause_decode	16	static
../Core/DBC/autonomous_t26.c:376:6:autonomous_t26_acu_emergency_cause_is_in_range	16	static
../Core/DBC/autonomous_t26.c:381:6:autonomous_t26_acu_emergency_cause_is_in_phys_range	16	static
../Core/DBC/autonomous_t26.c:388:5:autonomous_t26_cube_mars_feedback_pack	32	static
../Core/DBC/autonomous_t26.c:420:5:autonomous_t26_cube_mars_feedback_unpack	32	static
../Core/DBC/autonomous_t26.c:450:5:autonomous_t26_cube_mars_feedback_init	16	static
../Core/DBC/autonomous_t26.c:459:9:autonomous_t26_cube_mars_feedback_position_encode	16	static
../Core/DBC/autonomous_t26.c:464:8:autonomous_t26_cube_mars_feedback_position_decode	16	static
../Core/DBC/autonomous_t26.c:469:6:autonomous_t26_cube_mars_feedback_position_is_in_range	16	static
../Core/DBC/autonomous_t26.c:474:6:autonomous_t26_cube_mars_feedback_position_is_in_phys_range	16	static
../Core/DBC/autonomous_t26.c:479:9:autonomous_t26_cube_mars_feedback_speed_rpm_encode	16	static
../Core/DBC/autonomous_t26.c:484:8:autonomous_t26_cube_mars_feedback_speed_rpm_decode	16	static
../Core/DBC/autonomous_t26.c:489:6:autonomous_t26_cube_mars_feedback_speed_rpm_is_in_range	16	static
../Core/DBC/autonomous_t26.c:494:6:autonomous_t26_cube_mars_feedback_speed_rpm_is_in_phys_range	16	static
../Core/DBC/autonomous_t26.c:499:9:autonomous_t26_cube_mars_feedback_current_encode	16	static
../Core/DBC/autonomous_t26.c:504:8:autonomous_t26_cube_mars_feedback_current_decode	16	static
../Core/DBC/autonomous_t26.c:509:6:autonomous_t26_cube_mars_feedback_current_is_in_range	16	static
../Core/DBC/autonomous_t26.c:514:6:autonomous_t26_cube_mars_feedback_current_is_in_phys_range	16	static
../Core/DBC/autonomous_t26.c:519:8:autonomous_t26_cube_mars_feedback_driver_temp_encode	16	static
../Core/DBC/autonomous_t26.c:524:8:autonomous_t26_cube_mars_feedback_driver_temp_decode	16	static
../Core/DBC/autonomous_t26.c:529:6:autonomous_t26_cube_mars_feedback_driver_temp_is_in_range	16	static
../Core/DBC/autonomous_t26.c:534:6:autonomous_t26_cube_mars_feedback_driver_temp_is_in_phys_range	16	static
../Core/DBC/autonomous_t26.c:539:9:autonomous_t26_cube_mars_feedback_error_code_encode	16	static
../Core/DBC/autonomous_t26.c:544:8:autonomous_t26_cube_mars_feedback_error_code_decode	16	static
../Core/DBC/autonomous_t26.c:549:6:autonomous_t26_cube_mars_feedback_error_code_is_in_range	16	static
../Core/DBC/autonomous_t26.c:554:6:autonomous_t26_cube_mars_feedback_error_code_is_in_phys_range	16	static
../Core/DBC/autonomous_t26.c:559:5:autonomous_t26_cube_mars_position_loop_pack	32	static
../Core/DBC/autonomous_t26.c:581:5:autonomous_t26_cube_mars_position_loop_unpack	32	static
../Core/DBC/autonomous_t26.c:601:5:autonomous_t26_cube_mars_position_loop_init	16	static
../Core/DBC/autonomous_t26.c:610:9:autonomous_t26_cube_mars_position_loop_position_encode	16	static
../Core/DBC/autonomous_t26.c:615:8:autonomous_t26_cube_mars_position_loop_position_decode	16	static
../Core/DBC/autonomous_t26.c:620:6:autonomous_t26_cube_mars_position_loop_position_is_in_range	16	static
../Core/DBC/autonomous_t26.c:625:6:autonomous_t26_cube_mars_position_loop_position_is_in_phys_range	16	static
../Core/DBC/autonomous_t26.c:630:5:autonomous_t26_aqt1_pack	24	static
../Core/DBC/autonomous_t26.c:649:5:autonomous_t26_aqt1_unpack	24	static
../Core/DBC/autonomous_t26.c:666:5:autonomous_t26_aqt1_init	16	static
../Core/DBC/autonomous_t26.c:675:10:autonomous_t26_aqt1_frt_brk_press_encode	16	static
../Core/DBC/autonomous_t26.c:680:8:autonomous_t26_aqt1_frt_brk_press_decode	16	static
../Core/DBC/autonomous_t26.c:685:6:autonomous_t26_aqt1_frt_brk_press_is_in_range	16	static
../Core/DBC/autonomous_t26.c:692:6:autonomous_t26_aqt1_frt_brk_press_is_in_phys_range	16	static
../Core/DBC/autonomous_t26.c:699:9:autonomous_t26_aqt1_res_encode	16	static
../Core/DBC/autonomous_t26.c:704:8:autonomous_t26_aqt1_res_decode	16	static
../Core/DBC/autonomous_t26.c:709:6:autonomous_t26_aqt1_res_is_in_range	16	static
../Core/DBC/autonomous_t26.c:714:6:autonomous_t26_aqt1_res_is_in_phys_range	16	static
../Core/DBC/autonomous_t26.c:721:9:autonomous_t26_aqt1_bots_encode	16	static
../Core/DBC/autonomous_t26.c:726:8:autonomous_t26_aqt1_bots_decode	16	static
../Core/DBC/autonomous_t26.c:731:6:autonomous_t26_aqt1_bots_is_in_range	16	static
../Core/DBC/autonomous_t26.c:736:6:autonomous_t26_aqt1_bots_is_in_phys_range	16	static
../Core/DBC/autonomous_t26.c:743:5:autonomous_t26_aqt4_pack	32	static
../Core/DBC/autonomous_t26.c:773:5:autonomous_t26_aqt4_unpack	32	static
../Core/DBC/autonomous_t26.c:801:5:autonomous_t26_aqt4_init	16	static
../Core/DBC/autonomous_t26.c:810:9:autonomous_t26_aqt4_st_angle_encode	16	static
../Core/DBC/autonomous_t26.c:815:8:autonomous_t26_aqt4_st_angle_decode	16	static
../Core/DBC/autonomous_t26.c:820:6:autonomous_t26_aqt4_st_angle_is_in_range	16	static
../Core/DBC/autonomous_t26.c:827:6:autonomous_t26_aqt4_st_angle_is_in_phys_range	16	static
../Core/DBC/autonomous_t26.c:834:9:autonomous_t26_aqt4_susp_l_encode	16	static
../Core/DBC/autonomous_t26.c:839:8:autonomous_t26_aqt4_susp_l_decode	16	static
../Core/DBC/autonomous_t26.c:844:6:autonomous_t26_aqt4_susp_l_is_in_range	16	static
../Core/DBC/autonomous_t26.c:851:6:autonomous_t26_aqt4_susp_l_is_in_phys_range	16	static
../Core/DBC/autonomous_t26.c:858:9:autonomous_t26_aqt4_susp_r_encode	16	static
../Core/DBC/autonomous_t26.c:863:8:autonomous_t26_aqt4_susp_r_decode	16	static
../Core/DBC/autonomous_t26.c:868:6:autonomous_t26_aqt4_susp_r_is_in_range	16	static
../Core/DBC/autonomous_t26.c:875:6:autonomous_t26_aqt4_susp_r_is_in_phys_range	16	static
../Core/DBC/autonomous_t26.c:882:9:autonomous_t26_aqt4_inertia_encode	16	static
../Core/DBC/autonomous_t26.c:887:8:autonomous_t26_aqt4_inertia_decode	16	static
../Core/DBC/autonomous_t26.c:892:6:autonomous_t26_aqt4_inertia_is_in_range	16	static
../Core/DBC/autonomous_t26.c:897:6:autonomous_t26_aqt4_inertia_is_in_phys_range	16	static
../Core/DBC/autonomous_t26.c:904:9:autonomous_t26_aqt4_emergency_encode	16	static
../Core/DBC/autonomous_t26.c:909:8:autonomous_t26_aqt4_emergency_decode	16	static
../Core/DBC/autonomous_t26.c:914:6:autonomous_t26_aqt4_emergency_is_in_range	16	static
../Core/DBC/autonomous_t26.c:919:6:autonomous_t26_aqt4_emergency_is_in_phys_range	16	static
../Core/DBC/autonomous_t26.c:926:5:autonomous_t26_aqt7_pack	24	static
../Core/DBC/autonomous_t26.c:943:5:autonomous_t26_aqt7_unpack	24	static
../Core/DBC/autonomous_t26.c:958:5:autonomous_t26_aqt7_init	16	static
../Core/DBC/autonomous_t26.c:967:10:autonomous_t26_aqt7_rear_brk_press_encode	16	static
../Core/DBC/autonomous_t26.c:972:8:autonomous_t26_aqt7_rear_brk_press_decode	16	static
../Core/DBC/autonomous_t26.c:977:6:autonomous_t26_aqt7_rear_brk_press_is_in_range	16	static
../Core/DBC/autonomous_t26.c:984:6:autonomous_t26_aqt7_rear_brk_press_is_in_phys_range	16	static
../Core/DBC/autonomous_t26.c:991:5:autonomous_t26_vcu_ign_r2_d_pack	24	static
../Core/DBC/autonomous_t26.c:1014:5:autonomous_t26_vcu_ign_r2_d_unpack	24	static
../Core/DBC/autonomous_t26.c:1035:5:autonomous_t26_vcu_ign_r2_d_init	16	static
../Core/DBC/autonomous_t26.c:1044:9:autonomous_t26_vcu_ign_r2_d_ignition_manual_encode	16	static
../Core/DBC/autonomous_t26.c:1049:8:autonomous_t26_vcu_ign_r2_d_ignition_manual_decode	16	static
../Core/DBC/autonomous_t26.c:1054:6:autonomous_t26_vcu_ign_r2_d_ignition_manual_is_in_range	16	static
../Core/DBC/autonomous_t26.c:1061:6:autonomous_t26_vcu_ign_r2_d_ignition_manual_is_in_phys_range	16	static
../Core/DBC/autonomous_t26.c:1068:9:autonomous_t26_vcu_ign_r2_d_r2d_manual_encode	16	static
../Core/DBC/autonomous_t26.c:1073:8:autonomous_t26_vcu_ign_r2_d_r2d_manual_decode	16	static
../Core/DBC/autonomous_t26.c:1078:6:autonomous_t26_vcu_ign_r2_d_r2d_manual_is_in_range	16	static
../Core/DBC/autonomous_t26.c:1085:6:autonomous_t26_vcu_ign_r2_d_r2d_manual_is_in_phys_range	16	static
../Core/DBC/autonomous_t26.c:1092:9:autonomous_t26_vcu_ign_r2_d_ignition_auto_encode	16	static
../Core/DBC/autonomous_t26.c:1097:8:autonomous_t26_vcu_ign_r2_d_ignition_auto_decode	16	static
../Core/DBC/autonomous_t26.c:1102:6:autonomous_t26_vcu_ign_r2_d_ignition_auto_is_in_range	16	static
../Core/DBC/autonomous_t26.c:1109:6:autonomous_t26_vcu_ign_r2_d_ignition_auto_is_in_phys_range	16	static
../Core/DBC/autonomous_t26.c:1116:9:autonomous_t26_vcu_ign_r2_d_r2d_auto_encode	16	static
../Core/DBC/autonomous_t26.c:1121:8:autonomous_t26_vcu_ign_r2_d_r2d_auto_decode	16	static
../Core/DBC/autonomous_t26.c:1126:6:autonomous_t26_vcu_ign_r2_d_r2d_auto_is_in_range	16	static
../Core/DBC/autonomous_t26.c:1133:6:autonomous_t26_vcu_ign_r2_d_r2d_auto_is_in_phys_range	16	static
../Core/DBC/autonomous_t26.c:1140:9:autonomous_t26_vcu_ign_r2_d_shutdown_signal_encode	16	static
../Core/DBC/autonomous_t26.c:1145:8:autonomous_t26_vcu_ign_r2_d_shutdown_signal_decode	16	static
../Core/DBC/autonomous_t26.c:1150:6:autonomous_t26_vcu_ign_r2_d_shutdown_signal_is_in_range	16	static
../Core/DBC/autonomous_t26.c:1157:6:autonomous_t26_vcu_ign_r2_d_shutdown_signal_is_in_phys_range	16	static
../Core/DBC/autonomous_t26.c:1164:9:autonomous_t26_vcu_ign_r2_d_vcu_state_encode	16	static
../Core/DBC/autonomous_t26.c:1169:8:autonomous_t26_vcu_ign_r2_d_vcu_state_decode	16	static
../Core/DBC/autonomous_t26.c:1174:6:autonomous_t26_vcu_ign_r2_d_vcu_state_is_in_range	16	static
../Core/DBC/autonomous_t26.c:1181:6:autonomous_t26_vcu_ign_r2_d_vcu_state_is_in_phys_range	16	static
../Core/DBC/autonomous_t26.c:1188:9:autonomous_t26_vcu_ign_r2_d_r2_d_button_raw_encode	16	static
../Core/DBC/autonomous_t26.c:1193:8:autonomous_t26_vcu_ign_r2_d_r2_d_button_raw_decode	16	static
../Core/DBC/autonomous_t26.c:1198:6:autonomous_t26_vcu_ign_r2_d_r2_d_button_raw_is_in_range	16	static
../Core/DBC/autonomous_t26.c:1205:6:autonomous_t26_vcu_ign_r2_d_r2_d_button_raw_is_in_phys_range	16	static
../Core/DBC/autonomous_t26.c:1212:9:autonomous_t26_vcu_ign_r2_d_ignition_switch_raw_encode	16	static
../Core/DBC/autonomous_t26.c:1217:8:autonomous_t26_vcu_ign_r2_d_ignition_switch_raw_decode	16	static
../Core/DBC/autonomous_t26.c:1222:6:autonomous_t26_vcu_ign_r2_d_ignition_switch_raw_is_in_range	16	static
../Core/DBC/autonomous_t26.c:1229:6:autonomous_t26_vcu_ign_r2_d_ignition_switch_raw_is_in_phys_range	16	static
../Core/DBC/autonomous_t26.c:1236:5:autonomous_t26_dv_dynamics_1_pack	32	static
../Core/DBC/autonomous_t26.c:1268:5:autonomous_t26_dv_dynamics_1_unpack	32	static
../Core/DBC/autonomous_t26.c:1298:5:autonomous_t26_dv_dynamics_1_init	16	static
../Core/DBC/autonomous_t26.c:1307:9:autonomous_t26_dv_dynamics_1_speed_actual_encode	16	static
../Core/DBC/autonomous_t26.c:1312:8:autonomous_t26_dv_dynamics_1_speed_actual_decode	16	static
../Core/DBC/autonomous_t26.c:1317:6:autonomous_t26_dv_dynamics_1_speed_actual_is_in_range	16	static
../Core/DBC/autonomous_t26.c:1324:6:autonomous_t26_dv_dynamics_1_speed_actual_is_in_phys_range	16	static
../Core/DBC/autonomous_t26.c:1329:9:autonomous_t26_dv_dynamics_1_speed_target_encode	16	static
../Core/DBC/autonomous_t26.c:1334:8:autonomous_t26_dv_dynamics_1_speed_target_decode	16	static
../Core/DBC/autonomous_t26.c:1339:6:autonomous_t26_dv_dynamics_1_speed_target_is_in_range	16	static
../Core/DBC/autonomous_t26.c:1346:6:autonomous_t26_dv_dynamics_1_speed_target_is_in_phys_range	16	static
../Core/DBC/autonomous_t26.c:1351:8:autonomous_t26_dv_dynamics_1_steering_angle_actual_encode	16	static
../Core/DBC/autonomous_t26.c:1356:8:autonomous_t26_dv_dynamics_1_steering_angle_actual_decode	16	static
../Core/DBC/autonomous_t26.c:1361:6:autonomous_t26_dv_dynamics_1_steering_angle_actual_is_in_range	16	static
../Core/DBC/autonomous_t26.c:1368:6:autonomous_t26_dv_dynamics_1_steering_angle_actual_is_in_phys_range	16	static
../Core/DBC/autonomous_t26.c:1373:8:autonomous_t26_dv_dynamics_1_steering_angle_target_encode	16	static
../Core/DBC/autonomous_t26.c:1378:8:autonomous_t26_dv_dynamics_1_steering_angle_target_decode	16	static
../Core/DBC/autonomous_t26.c:1383:6:autonomous_t26_dv_dynamics_1_steering_angle_target_is_in_range	16	static
../Core/DBC/autonomous_t26.c:1390:6:autonomous_t26_dv_dynamics_1_steering_angle_target_is_in_phys_range	16	static
../Core/DBC/autonomous_t26.c:1395:9:autonomous_t26_dv_dynamics_1_brake_hydr_actual_encode	16	static
../Core/DBC/autonomous_t26.c:1400:8:autonomous_t26_dv_dynamics_1_brake_hydr_actual_decode	16	static
../Core/DBC/autonomous_t26.c:1405:6:autonomous_t26_dv_dynamics_1_brake_hydr_actual_is_in_range	16	static
../Core/DBC/autonomous_t26.c:1410:6:autonomous_t26_dv_dynamics_1_brake_hydr_actual_is_in_phys_range	16	static
../Core/DBC/autonomous_t26.c:1415:9:autonomous_t26_dv_dynamics_1_brake_hydr_target_encode	16	static
../Core/DBC/autonomous_t26.c:1420:8:autonomous_t26_dv_dynamics_1_brake_hydr_target_decode	16	static
../Core/DBC/autonomous_t26.c:1425:6:autonomous_t26_dv_dynamics_1_brake_hydr_target_is_in_range	16	static
../Core/DBC/autonomous_t26.c:1430:6:autonomous_t26_dv_dynamics_1_brake_hydr_target_is_in_phys_range	16	static
../Core/DBC/autonomous_t26.c:1435:8:autonomous_t26_dv_dynamics_1_motor_moment_actual_encode	16	static
../Core/DBC/autonomous_t26.c:1440:8:autonomous_t26_dv_dynamics_1_motor_moment_actual_decode	16	static
../Core/DBC/autonomous_t26.c:1445:6:autonomous_t26_dv_dynamics_1_motor_moment_actual_is_in_range	16	static
../Core/DBC/autonomous_t26.c:1452:6:autonomous_t26_dv_dynamics_1_motor_moment_actual_is_in_phys_range	16	static
../Core/DBC/autonomous_t26.c:1457:8:autonomous_t26_dv_dynamics_1_motor_moment_target_encode	16	static
../Core/DBC/autonomous_t26.c:1462:8:autonomous_t26_dv_dynamics_1_motor_moment_target_decode	16	static
../Core/DBC/autonomous_t26.c:1467:6:autonomous_t26_dv_dynamics_1_motor_moment_target_is_in_range	16	static
../Core/DBC/autonomous_t26.c:1474:6:autonomous_t26_dv_dynamics_1_motor_moment_target_is_in_phys_range	16	static
../Core/DBC/autonomous_t26.c:1479:5:autonomous_t26_dv_dynamics_2_pack	32	static
../Core/DBC/autonomous_t26.c:1507:5:autonomous_t26_dv_dynamics_2_unpack	32	static
../Core/DBC/autonomous_t26.c:1533:5:autonomous_t26_dv_dynamics_2_init	16	static
../Core/DBC/autonomous_t26.c:1542:9:autonomous_t26_dv_dynamics_2_acceleration_longitudinal_encode	16	static
../Core/DBC/autonomous_t26.c:1547:8:autonomous_t26_dv_dynamics_2_acceleration_longitudinal_decode	16	static
../Core/DBC/autonomous_t26.c:1552:6:autonomous_t26_dv_dynamics_2_acceleration_longitudinal_is_in_range	16	static
../Core/DBC/autonomous_t26.c:1559:6:autonomous_t26_dv_dynamics_2_acceleration_longitudinal_is_in_phys_range	16	static
../Core/DBC/autonomous_t26.c:1566:9:autonomous_t26_dv_dynamics_2_acceleration_lateral_encode	16	static
../Core/DBC/autonomous_t26.c:1571:8:autonomous_t26_dv_dynamics_2_acceleration_lateral_decode	16	static
../Core/DBC/autonomous_t26.c:1576:6:autonomous_t26_dv_dynamics_2_acceleration_lateral_is_in_range	16	static
../Core/DBC/autonomous_t26.c:1583:6:autonomous_t26_dv_dynamics_2_acceleration_lateral_is_in_phys_range	16	static
../Core/DBC/autonomous_t26.c:1590:9:autonomous_t26_dv_dynamics_2_yaw_rate_encode	16	static
../Core/DBC/autonomous_t26.c:1595:8:autonomous_t26_dv_dynamics_2_yaw_rate_decode	16	static
../Core/DBC/autonomous_t26.c:1600:6:autonomous_t26_dv_dynamics_2_yaw_rate_is_in_range	16	static
../Core/DBC/autonomous_t26.c:1607:6:autonomous_t26_dv_dynamics_2_yaw_rate_is_in_phys_range	16	static
../Core/DBC/autonomous_t26.c:1614:5:autonomous_t26_vcu_hv_pack	24	static
../Core/DBC/autonomous_t26.c:1632:5:autonomous_t26_vcu_hv_unpack	24	static
../Core/DBC/autonomous_t26.c:1648:5:autonomous_t26_vcu_hv_init	16	static
../Core/DBC/autonomous_t26.c:1657:9:autonomous_t26_vcu_hv_hv_encode	16	static
../Core/DBC/autonomous_t26.c:1662:8:autonomous_t26_vcu_hv_hv_decode	16	static
../Core/DBC/autonomous_t26.c:1667:6:autonomous_t26_vcu_hv_hv_is_in_range	16	static
../Core/DBC/autonomous_t26.c:1674:6:autonomous_t26_vcu_hv_hv_is_in_phys_range	16	static
../Core/DBC/autonomous_t26.c:1681:9:autonomous_t26_vcu_hv_brake_pressure_front_encode	16	static
../Core/DBC/autonomous_t26.c:1686:8:autonomous_t26_vcu_hv_brake_pressure_front_decode	16	static
../Core/DBC/autonomous_t26.c:1691:6:autonomous_t26_vcu_hv_brake_pressure_front_is_in_range	16	static
../Core/DBC/autonomous_t26.c:1698:6:autonomous_t26_vcu_hv_brake_pressure_front_is_in_phys_range	16	static
../Core/DBC/autonomous_t26.c:1705:9:autonomous_t26_vcu_hv_brake_pressure_rear_encode	16	static
../Core/DBC/autonomous_t26.c:1710:8:autonomous_t26_vcu_hv_brake_pressure_rear_decode	16	static
../Core/DBC/autonomous_t26.c:1715:6:autonomous_t26_vcu_hv_brake_pressure_rear_is_in_range	16	static
../Core/DBC/autonomous_t26.c:1722:6:autonomous_t26_vcu_hv_brake_pressure_rear_is_in_phys_range	16	static
../Core/DBC/autonomous_t26.c:1729:5:autonomous_t26_dv_status_pack	24	static
../Core/DBC/autonomous_t26.c:1755:5:autonomous_t26_dv_status_unpack	24	static
../Core/DBC/autonomous_t26.c:1779:5:autonomous_t26_dv_status_init	16	static
../Core/DBC/autonomous_t26.c:1788:9:autonomous_t26_dv_status_as_status_encode	16	static
../Core/DBC/autonomous_t26.c:1793:8:autonomous_t26_dv_status_as_status_decode	16	static
../Core/DBC/autonomous_t26.c:1798:6:autonomous_t26_dv_status_as_status_is_in_range	16	static
../Core/DBC/autonomous_t26.c:1803:6:autonomous_t26_dv_status_as_status_is_in_phys_range	16	static
../Core/DBC/autonomous_t26.c:1808:9:autonomous_t26_dv_status_asb_ebs_state_encode	16	static
../Core/DBC/autonomous_t26.c:1813:8:autonomous_t26_dv_status_asb_ebs_state_decode	16	static
../Core/DBC/autonomous_t26.c:1818:6:autonomous_t26_dv_status_asb_ebs_state_is_in_range	16	static
../Core/DBC/autonomous_t26.c:1823:6:autonomous_t26_dv_status_asb_ebs_state_is_in_phys_range	16	static
../Core/DBC/autonomous_t26.c:1828:9:autonomous_t26_dv_status_ami_state_encode	16	static
../Core/DBC/autonomous_t26.c:1833:8:autonomous_t26_dv_status_ami_state_decode	16	static
../Core/DBC/autonomous_t26.c:1838:6:autonomous_t26_dv_status_ami_state_is_in_range	16	static
../Core/DBC/autonomous_t26.c:1843:6:autonomous_t26_dv_status_ami_state_is_in_phys_range	16	static
../Core/DBC/autonomous_t26.c:1848:9:autonomous_t26_dv_status_steering_state_encode	16	static
../Core/DBC/autonomous_t26.c:1853:8:autonomous_t26_dv_status_steering_state_decode	16	static
../Core/DBC/autonomous_t26.c:1858:6:autonomous_t26_dv_status_steering_state_is_in_range	16	static
../Core/DBC/autonomous_t26.c:1863:6:autonomous_t26_dv_status_steering_state_is_in_phys_range	16	static
../Core/DBC/autonomous_t26.c:1868:9:autonomous_t26_dv_status_asb_redundancy_state_encode	16	static
../Core/DBC/autonomous_t26.c:1873:8:autonomous_t26_dv_status_asb_redundancy_state_decode	16	static
../Core/DBC/autonomous_t26.c:1878:6:autonomous_t26_dv_status_asb_redundancy_state_is_in_range	16	static
../Core/DBC/autonomous_t26.c:1883:6:autonomous_t26_dv_status_asb_redundancy_state_is_in_phys_range	16	static
../Core/DBC/autonomous_t26.c:1888:9:autonomous_t26_dv_status_lap_counter_encode	16	static
../Core/DBC/autonomous_t26.c:1893:8:autonomous_t26_dv_status_lap_counter_decode	16	static
../Core/DBC/autonomous_t26.c:1898:6:autonomous_t26_dv_status_lap_counter_is_in_range	16	static
../Core/DBC/autonomous_t26.c:1903:6:autonomous_t26_dv_status_lap_counter_is_in_phys_range	16	static
../Core/DBC/autonomous_t26.c:1908:9:autonomous_t26_dv_status_cones_count_actual_encode	16	static
../Core/DBC/autonomous_t26.c:1913:8:autonomous_t26_dv_status_cones_count_actual_decode	16	static
../Core/DBC/autonomous_t26.c:1918:6:autonomous_t26_dv_status_cones_count_actual_is_in_range	16	static
../Core/DBC/autonomous_t26.c:1925:6:autonomous_t26_dv_status_cones_count_actual_is_in_phys_range	16	static
../Core/DBC/autonomous_t26.c:1930:10:autonomous_t26_dv_status_cones_count_all_encode	16	static
../Core/DBC/autonomous_t26.c:1935:8:autonomous_t26_dv_status_cones_count_all_decode	16	static
../Core/DBC/autonomous_t26.c:1940:6:autonomous_t26_dv_status_cones_count_all_is_in_range	16	static
../Core/DBC/autonomous_t26.c:1945:6:autonomous_t26_dv_status_cones_count_all_is_in_phys_range	16	static
../Core/DBC/autonomous_t26.c:1950:5:autonomous_t26_asf_signals_pack	24	static
../Core/DBC/autonomous_t26.c:1969:5:autonomous_t26_asf_signals_unpack	24	static
../Core/DBC/autonomous_t26.c:1986:5:autonomous_t26_asf_signals_init	16	static
../Core/DBC/autonomous_t26.c:1995:9:autonomous_t26_asf_signals_ebs_pressure_tank_front_encode	16	static
../Core/DBC/autonomous_t26.c:2000:8:autonomous_t26_asf_signals_ebs_pressure_tank_front_decode	16	static
../Core/DBC/autonomous_t26.c:2005:6:autonomous_t26_asf_signals_ebs_pressure_tank_front_is_in_range	16	static
../Core/DBC/autonomous_t26.c:2012:6:autonomous_t26_asf_signals_ebs_pressure_tank_front_is_in_phys_range	16	static
../Core/DBC/autonomous_t26.c:2019:9:autonomous_t26_asf_signals_ebs_pressure_tank_rear_encode	16	static
../Core/DBC/autonomous_t26.c:2024:8:autonomous_t26_asf_signals_ebs_pressure_tank_rear_decode	16	static
../Core/DBC/autonomous_t26.c:2029:6:autonomous_t26_asf_signals_ebs_pressure_tank_rear_is_in_range	16	static
../Core/DBC/autonomous_t26.c:2036:6:autonomous_t26_asf_signals_ebs_pressure_tank_rear_is_in_phys_range	16	static
../Core/DBC/autonomous_t26.c:2043:9:autonomous_t26_asf_signals_brake_pressure_front_encode	16	static
../Core/DBC/autonomous_t26.c:2048:8:autonomous_t26_asf_signals_brake_pressure_front_decode	16	static
../Core/DBC/autonomous_t26.c:2053:6:autonomous_t26_asf_signals_brake_pressure_front_is_in_range	16	static
../Core/DBC/autonomous_t26.c:2060:6:autonomous_t26_asf_signals_brake_pressure_front_is_in_phys_range	16	static
../Core/DBC/autonomous_t26.c:2067:9:autonomous_t26_asf_signals_brake_pressure_rear_encode	16	static
../Core/DBC/autonomous_t26.c:2072:8:autonomous_t26_asf_signals_brake_pressure_rear_decode	16	static
../Core/DBC/autonomous_t26.c:2077:6:autonomous_t26_asf_signals_brake_pressure_rear_is_in_range	16	static
../Core/DBC/autonomous_t26.c:2084:6:autonomous_t26_asf_signals_brake_pressure_rear_is_in_phys_range	16	static
../Core/DBC/autonomous_t26.c:2091:5:autonomous_t26_vcu_rpm_pack	32	static
../Core/DBC/autonomous_t26.c:2119:5:autonomous_t26_vcu_rpm_unpack	32	static
../Core/DBC/autonomous_t26.c:2145:5:autonomous_t26_vcu_rpm_init	16	static
../Core/DBC/autonomous_t26.c:2154:10:autonomous_t26_vcu_rpm_motor_rpm_left_encode	16	static
../Core/DBC/autonomous_t26.c:2159:8:autonomous_t26_vcu_rpm_motor_rpm_left_decode	16	static
../Core/DBC/autonomous_t26.c:2164:6:autonomous_t26_vcu_rpm_motor_rpm_left_is_in_range	16	static
../Core/DBC/autonomous_t26.c:2169:6:autonomous_t26_vcu_rpm_motor_rpm_left_is_in_phys_range	16	static
../Core/DBC/autonomous_t26.c:2174:10:autonomous_t26_vcu_rpm_motor_rpm_right_encode	16	static
../Core/DBC/autonomous_t26.c:2179:8:autonomous_t26_vcu_rpm_motor_rpm_right_decode	16	static
../Core/DBC/autonomous_t26.c:2184:6:autonomous_t26_vcu_rpm_motor_rpm_right_is_in_range	16	static
../Core/DBC/autonomous_t26.c:2191:6:autonomous_t26_vcu_rpm_motor_rpm_right_is_in_phys_range	16	static
../Core/DBC/autonomous_t26.c:2198:9:autonomous_t26_vcu_rpm_motor_current_left_encode	16	static
../Core/DBC/autonomous_t26.c:2203:8:autonomous_t26_vcu_rpm_motor_current_left_decode	16	static
../Core/DBC/autonomous_t26.c:2208:6:autonomous_t26_vcu_rpm_motor_current_left_is_in_range	16	static
../Core/DBC/autonomous_t26.c:2215:6:autonomous_t26_vcu_rpm_motor_current_left_is_in_phys_range	16	static
../Core/DBC/autonomous_t26.c:2222:9:autonomous_t26_vcu_rpm_motor_current_right_encode	16	static
../Core/DBC/autonomous_t26.c:2227:8:autonomous_t26_vcu_rpm_motor_current_right_decode	16	static
../Core/DBC/autonomous_t26.c:2232:6:autonomous_t26_vcu_rpm_motor_current_right_is_in_range	16	static
../Core/DBC/autonomous_t26.c:2239:6:autonomous_t26_vcu_rpm_motor_current_right_is_in_phys_range	16	static
../Core/DBC/autonomous_t26.c:2246:5:autonomous_t26_vcu_torque_target_pack	32	static
../Core/DBC/autonomous_t26.c:2266:5:autonomous_t26_vcu_torque_target_unpack	32	static
../Core/DBC/autonomous_t26.c:2284:5:autonomous_t26_vcu_torque_target_init	16	static
../Core/DBC/autonomous_t26.c:2293:9:autonomous_t26_vcu_torque_target_torque_target_encode	16	static
../Core/DBC/autonomous_t26.c:2298:8:autonomous_t26_vcu_torque_target_torque_target_decode	16	static
../Core/DBC/autonomous_t26.c:2303:6:autonomous_t26_vcu_torque_target_torque_target_is_in_range	16	static
../Core/DBC/autonomous_t26.c:2308:6:autonomous_t26_vcu_torque_target_torque_target_is_in_phys_range	16	static
../Core/DBC/autonomous_t26.c:2313:5:autonomous_t26_vcu_rpm_target_pack	32	static
../Core/DBC/autonomous_t26.c:2333:5:autonomous_t26_vcu_rpm_target_unpack	32	static
../Core/DBC/autonomous_t26.c:2351:5:autonomous_t26_vcu_rpm_target_init	16	static
../Core/DBC/autonomous_t26.c:2360:9:autonomous_t26_vcu_rpm_target_rpm_target_encode	16	static
../Core/DBC/autonomous_t26.c:2365:8:autonomous_t26_vcu_rpm_target_rpm_target_decode	16	static
../Core/DBC/autonomous_t26.c:2370:6:autonomous_t26_vcu_rpm_target_rpm_target_is_in_range	16	static
../Core/DBC/autonomous_t26.c:2375:6:autonomous_t26_vcu_rpm_target_rpm_target_is_in_phys_range	16	static
../Core/DBC/autonomous_t26.c:2380:5:autonomous_t26_jetson_pack	24	static
../Core/DBC/autonomous_t26.c:2401:5:autonomous_t26_jetson_unpack	24	static
../Core/DBC/autonomous_t26.c:2420:5:autonomous_t26_jetson_init	16	static
../Core/DBC/autonomous_t26.c:2429:9:autonomous_t26_jetson_as_state_encode	16	static
../Core/DBC/autonomous_t26.c:2434:8:autonomous_t26_jetson_as_state_decode	16	static
../Core/DBC/autonomous_t26.c:2439:6:autonomous_t26_jetson_as_state_is_in_range	16	static
../Core/DBC/autonomous_t26.c:2444:6:autonomous_t26_jetson_as_state_is_in_phys_range	16	static
../Core/DBC/autonomous_t26.c:2449:9:autonomous_t26_jetson_as_mission_encode	16	static
../Core/DBC/autonomous_t26.c:2454:8:autonomous_t26_jetson_as_mission_decode	16	static
../Core/DBC/autonomous_t26.c:2459:6:autonomous_t26_jetson_as_mission_is_in_range	16	static
../Core/DBC/autonomous_t26.c:2464:6:autonomous_t26_jetson_as_mission_is_in_phys_range	16	static
../Core/DBC/autonomous_t26.c:2469:9:autonomous_t26_jetson_temperature_encode	16	static
../Core/DBC/autonomous_t26.c:2474:8:autonomous_t26_jetson_temperature_decode	16	static
../Core/DBC/autonomous_t26.c:2479:6:autonomous_t26_jetson_temperature_is_in_range	16	static
../Core/DBC/autonomous_t26.c:2484:6:autonomous_t26_jetson_temperature_is_in_phys_range	16	static
../Core/DBC/autonomous_t26.c:2489:9:autonomous_t26_jetson_cpu_encode	16	static
../Core/DBC/autonomous_t26.c:2494:8:autonomous_t26_jetson_cpu_decode	16	static
../Core/DBC/autonomous_t26.c:2499:6:autonomous_t26_jetson_cpu_is_in_range	16	static
../Core/DBC/autonomous_t26.c:2504:6:autonomous_t26_jetson_cpu_is_in_phys_range	16	static
../Core/DBC/autonomous_t26.c:2509:9:autonomous_t26_jetson_gpu_encode	16	static
../Core/DBC/autonomous_t26.c:2514:8:autonomous_t26_jetson_gpu_decode	16	static
../Core/DBC/autonomous_t26.c:2519:6:autonomous_t26_jetson_gpu_is_in_range	16	static
../Core/DBC/autonomous_t26.c:2524:6:autonomous_t26_jetson_gpu_is_in_phys_range	16	static
../Core/DBC/autonomous_t26.c:2529:9:autonomous_t26_jetson_emergency_cause_encode	16	static
../Core/DBC/autonomous_t26.c:2534:8:autonomous_t26_jetson_emergency_cause_decode	16	static
../Core/DBC/autonomous_t26.c:2539:6:autonomous_t26_jetson_emergency_cause_is_in_range	16	static
../Core/DBC/autonomous_t26.c:2546:6:autonomous_t26_jetson_emergency_cause_is_in_phys_range	16	static
../Core/DBC/autonomous_t26.c:2553:5:autonomous_t26_res_pack	24	static
../Core/DBC/autonomous_t26.c:2569:5:autonomous_t26_res_unpack	24	static
../Core/DBC/autonomous_t26.c:2583:5:autonomous_t26_res_init	16	static
../Core/DBC/autonomous_t26.c:2592:9:autonomous_t26_res_signal_encode	16	static
../Core/DBC/autonomous_t26.c:2597:8:autonomous_t26_res_signal_decode	16	static
../Core/DBC/autonomous_t26.c:2602:6:autonomous_t26_res_signal_is_in_range	16	static
../Core/DBC/autonomous_t26.c:2609:6:autonomous_t26_res_signal_is_in_phys_range	16	static
../Core/DBC/autonomous_t26.c:2616:5:autonomous_t26_slam_stats_can_pack	24	static
../Core/DBC/autonomous_t26.c:2637:5:autonomous_t26_slam_stats_can_unpack	24	static
../Core/DBC/autonomous_t26.c:2656:5:autonomous_t26_slam_stats_can_init	16	static
../Core/DBC/autonomous_t26.c:2665:9:autonomous_t26_slam_stats_can_lap_counter_encode	16	static
../Core/DBC/autonomous_t26.c:2670:8:autonomous_t26_slam_stats_can_lap_counter_decode	16	static
../Core/DBC/autonomous_t26.c:2675:6:autonomous_t26_slam_stats_can_lap_counter_is_in_range	16	static
../Core/DBC/autonomous_t26.c:2680:6:autonomous_t26_slam_stats_can_lap_counter_is_in_phys_range	16	static
../Core/DBC/autonomous_t26.c:2687:9:autonomous_t26_slam_stats_can_cones_count_actual_encode	16	static
../Core/DBC/autonomous_t26.c:2692:8:autonomous_t26_slam_stats_can_cones_count_actual_decode	16	static
../Core/DBC/autonomous_t26.c:2697:6:autonomous_t26_slam_stats_can_cones_count_actual_is_in_range	16	static
../Core/DBC/autonomous_t26.c:2704:6:autonomous_t26_slam_stats_can_cones_count_actual_is_in_phys_range	16	static
../Core/DBC/autonomous_t26.c:2711:10:autonomous_t26_slam_stats_can_cones_count_all_encode	16	static
../Core/DBC/autonomous_t26.c:2716:8:autonomous_t26_slam_stats_can_cones_count_all_decode	16	static
../Core/DBC/autonomous_t26.c:2721:6:autonomous_t26_slam_stats_can_cones_count_all_is_in_range	16	static
../Core/DBC/autonomous_t26.c:2726:6:autonomous_t26_slam_stats_can_cones_count_all_is_in_phys_range	16	static
